Initializing Tree-Sitter WASM parser...
Parser initialized successfully.

--- Test Code 1 (Clean formatting) ---
function calculateTotal(price, taxRate) {
    const tax = price * taxRate;
    return price + tax;
}

Extracted Context: [ 'calculateTotal' ]
Logic-Integrity Hash: df6f8f1f797c9816c2760f0be46dc4ed73ab7217449f26ea82eb783dd5062c80

--- Test Code 2 (Messy formatting & Comments) ---
// Function to compute total cost
function   calculateTotal ( price , taxRate ) {
  const tax = price * taxRate;
  return price + tax;
}

Extracted Context: [ 'calculateTotal' ]
Logic-Integrity Hash: 814f5a55c88ea59a8cb1320068cae7d8b15999fd59b6b7ab0c53857ff797ea3d

=============================================
Γ¥î FAILURE: Hashes do not match!
=============================================

